Sections:
00: "org0001:0" (0-8)
01: "org0002:1000" (1000-14A4)


Source: "asm/rom_monitor.asm"
                            	     1: ; =============================================================================
                            	     2: ; M68K ROM Monitori - Sarjaportti-I/O & Sektoripohjainen HDD Ohjain
                            	     3: ; =============================================================================
                            	     4: 
                            	     5:     org     $00000000           ; Absoluuttinen alku muistissa
                            	     6: 
00:00000000 00100000        	     7:     dc.l    $00100000           ; osoite 0: Initial SP (1MB RAM loppu)
00:00000004 00001000        	     8:     dc.l    start               ; osoite 4: Initial PC (Hyppy start-kohtaan)
                            	     9: 
                            	    10: ; =============================================================================
                            	    11: ; Laitteistomääritykset (Memory-Mapped I/O Rekisterit)
                            	    12: ; =============================================================================
                            	    13: IO_STATUS     equ     $00F00000   
                            	    14: IO_DATA       equ     $00F00004   
                            	    15: HDD_COMMAND   equ     $00F00100   
                            	    16: HDD_STATUS    equ     $00F00101   
                            	    17: HDD_SECTOR    equ     $00F00102   
                            	    18: HDD_DMA_ADDR  equ     $00F00108   
                            	    19: 
                            	    20: IO_TIMER      equ     $00F00200   ; 32-bit millisekunnit
                            	    21: 
                            	    22: ; =============================================================================
                            	    23: ; Monitorin käynnistyspiste
                            	    24: ; =============================================================================
                            	    25:     org     $00001000           ; Pakotetaan monitorikoodi osoitteeseen $1000
                            	    26: start:
                            	    27:     ; 1. Avataan virtuaalinen kiintolevy
01:00001000 13FC000100F00100	    28:     move.b  #1,HDD_COMMAND
01:00001008 4A3900F00101    	    29:     tst.b   HDD_STATUS
01:0000100E 6708            	    30:     beq     .hdd_ok
                            	    31:     
01:00001010 41F810FA        	    32:     lea     HDD_ERR_MSG,a0
01:00001014 610C            	    33:     bsr     print_string
01:00001016 6006            	    34:     bra     .boot_basic
                            	    35: 
                            	    36: .hdd_ok:
01:00001018 41F810B0        	    37:     lea     WELCOME_MSG,a0
01:0000101C 6104            	    38:     bsr     print_string
                            	    39: 
                            	    40: .boot_basic:
                            	    41:     ; 2. Siirrytään Tiny BASICiin (joka alkaa nyt heti monitorin perään)
01:0000101E 4EF8112C        	    42:     jmp     START_BASIC           
                            	    43: 
                            	    44: ; =============================================================================
                            	    45: ; Sisäiset apuohjelmat
                            	    46: ; =============================================================================
                            	    47: print_string:
01:00001022 1018            	    48:     move.b  (a0)+,d0
01:00001024 6704            	    49:     beq     .done
01:00001026 6144            	    50:     bsr     OUTCH
01:00001028 60F8            	    51:     bra     print_string
                            	    52: .done:
01:0000102A 4E75            	    53:     rts
                            	    54: 
                            	    55: ; =============================================================================
                            	    56: ; Kiintolevyn Alirutiinit
                            	    57: ; =============================================================================
                            	    58: HDD_READ_SECTOR:
01:0000102C 23C000F00102    	    59:     move.l  d0,HDD_SECTOR      
01:00001032 23C800F00108    	    60:     move.l  a0,HDD_DMA_ADDR    
01:00001038 13FC000200F00100	    61:     move.b  #2,HDD_COMMAND     
01:00001040 103900F00101    	    62:     move.b  HDD_STATUS,d0      
01:00001046 4E75            	    63:     rts
                            	    64: 
                            	    65: HDD_WRITE_SECTOR:
01:00001048 23C000F00102    	    66:     move.l  d0,HDD_SECTOR      
01:0000104E 23C800F00108    	    67:     move.l  a0,HDD_DMA_ADDR    
01:00001054 13FC000300F00100	    68:     move.b  #3,HDD_COMMAND     
01:0000105C 103900F00101    	    69:     move.b  HDD_STATUS,d0      
01:00001062 4E75            	    70:     rts
                            	    71: 
                            	    72:     xdef    GET_TICKS
                            	    73: GET_TICKS:
01:00001064 203900F00200    	    74:     move.l  IO_TIMER,d0        ; Luetaan 32-bittinen arvo suoraan C-emulaattorilta
01:0000106A 4E75            	    75:     rts
                            	    76: 
                            	    77: ; =============================================================================
                            	    78: ; Päätefunktiot
                            	    79: ; =============================================================================
                            	    80: OUTCH:
01:0000106C 1F01            	    81:     move.b  d1,-(sp)
                            	    82: .wait_tx:
01:0000106E 123900F00000    	    83:     move.b  IO_STATUS,d1       
01:00001074 02010002        	    84:     andi.b  #$02,d1            
01:00001078 67F4            	    85:     beq     .wait_tx            
01:0000107A 13C000F00004    	    86:     move.b  d0,IO_DATA         
01:00001080 121F            	    87:     move.b  (sp)+,d1
01:00001082 4E75            	    88:     rts
                            	    89: 
                            	    90: INCH:
01:00001084 103900F00000    	    91:     move.b  IO_STATUS,d0       
01:0000108A 02000001        	    92:     andi.b  #$01,d0            
01:0000108E 67F4            	    93:     beq     INCH                
01:00001090 103900F00004    	    94:     move.b  IO_DATA,d0         
01:00001096 4E75            	    95:     rts
                            	    96: 
                            	    97: TSTAT:
01:00001098 103900F00000    	    98:     move.b  IO_STATUS,d0       
01:0000109E 02000001        	    99:     andi.b  #$01,d0            
01:000010A2 6706            	   100:     beq     .no_char            
01:000010A4 103C00FF        	   101:     move.b  #$FF,d0            
01:000010A8 4E75            	   102:     rts
                            	   103: .no_char:
01:000010AA 103C0000        	   104:     move.b  #$00,d0            
01:000010AE 4E75            	   105:     rts
                            	   106: 
                            	   107: ; =============================================================================
                            	   108: ; Data-alue
                            	   109: ; =============================================================================
                            	   110: WELCOME_MSG:
01:000010B0 0D              	   111:     dc.b    13,10,"M68K MBOOT v1.2 - SEKTORI-HDD VALMIS.",13,10
01:000010B1 0A
01:000010B2 4D36384B204D424F
01:000010BA 4F542076312E3220
01:000010C2 2D2053454B544F52
01:000010CA 492D484444205641
01:000010D2 4C4D49532E
01:000010D7 0D
01:000010D8 0A
01:000010D9 4BC384594E4E4953	   112:     dc.b    "KÄYNNISTETÄÄN TINY BASIC...",13,10,0
01:000010E1 544554C384C3844E
01:000010E9 2054494E59204241
01:000010F1 5349432E2E2E
01:000010F7 0D
01:000010F8 0A
01:000010F9 00
                            	   113:     
                            	   114: HDD_ERR_MSG:
01:000010FA 0D              	   115:     dc.b    13,10,"VIRHE: Virtuaalilevyn alustus epaonnistui!",13,10,0
01:000010FB 0A
01:000010FC 56495248453A2056
01:00001104 6972747561616C69
01:0000110C 6C6576796E20616C
01:00001114 7573747573206570
01:0000111C 616F6E6E69737475
01:00001124 6921
01:00001126 0D
01:00001127 0A
01:00001128 00
                            	   116: 
                            	   117:     align   2                   
                            	   118: 
                            	   119: ; =============================================================================
                            	   120: ; SISÄLLYTETÄÄN TINY BASIC
                            	   121: ; =============================================================================
                            	   122:     include "tinybasic.asm"

Source: "tinybasic.asm"
                            	     1: ; =============================================================================
                            	     2: ; Gordon Brandly's 68000 Tiny BASIC - Sisällytetty versio
                            	     3: ; =============================================================================
                            	     4: 
                            	     5:     ; KORJATTU: Ei org-määritystä tässä,jatketaan suoraan monitorin perään!
                            	     6: 
                            	     7: START_BASIC:
01:0000112C 2E7C00100000    	     8:     move.l  #$00100000,sp      ; Varmistetaan pinon paikka
                            	     9:     
                            	    10:     ; Alustetaan BASIC-koodialueen osoittimet
01:00001132 41F84000        	    11:     lea     TXT_START,a0
01:00001136 21C8149C        	    12:     move.l  a0,tx_start_ptr
01:0000113A 43F84000        	    13:     lea     TXT_START,a1
01:0000113E 21C914A0        	    14:     move.l  a1,tx_end_ptr      
                            	    15: 
                            	    16:     ; Tulostetaan käynnistysviesti
01:00001142 41F812EE        	    17:     lea     INIT_MSG,a0
01:00001146 61000132        	    18:     bsr     print_string_tb
                            	    19: 
                            	    20: .prompt_loop:
01:0000114A 41F81340        	    21:     lea     READY_MSG,a0
01:0000114E 6100012A        	    22:     bsr     print_string_tb
                            	    23: 
                            	    24:     ; Luetaan käyttäjän syöte puskuriin
01:00001152 41F83000        	    25:     lea     INPUT_BUFFER,a0
01:00001156 6100012E        	    26:     bsr     get_line_tb
                            	    27: 
                            	    28:     ; Jäsennetään syöte
01:0000115A 41F83000        	    29:     lea     INPUT_BUFFER,a0
01:0000115E 6100016E        	    30:     bsr     skip_spaces
01:00001162 1010            	    31:     move.b  (a0),d0
01:00001164 67E4            	    32:     beq     .prompt_loop        
                            	    33: 
01:00001166 B03C0030        	    34:     cmp.b   #'0',d0
01:0000116A 6D08            	    35:     blt     .handle_command
01:0000116C B03C0039        	    36:     cmp.b   #'9',d0
01:00001170 6F0000E0        	    37:     ble     .handle_line_number
                            	    38: 
                            	    39: .handle_command:
01:00001174 43F81482        	    40:     lea     CMD_HELP,a1
01:00001178 61000160        	    41:     bsr     compare_string
01:0000117C 6734            	    42:     beq     .do_help
                            	    43: 
01:0000117E 43F81487        	    44:     lea     CMD_LIST,a1
01:00001182 61000156        	    45:     bsr     compare_string
01:00001186 670000A8        	    46:     beq     .do_list
                            	    47: 
01:0000118A 43F8148C        	    48:     lea     CMD_SAVE,a1
01:0000118E 6100014A        	    49:     bsr     compare_string
01:00001192 673A            	    50:     beq     .do_save
                            	    51: 
01:00001194 43F81491        	    52:     lea     CMD_LOAD,a1
01:00001198 61000140        	    53:     bsr     compare_string
01:0000119C 6752            	    54:     beq     .do_load
                            	    55: 
01:0000119E 43F81496        	    56:     lea     CMD_NEW,a1
01:000011A2 61000136        	    57:     bsr     compare_string
01:000011A6 6714            	    58:     beq     .do_new
                            	    59: 
01:000011A8 41F81348        	    60:     lea     SYNTAX_ERR,a0
01:000011AC 610000CC        	    61:     bsr     print_string_tb
01:000011B0 6098            	    62:     bra     .prompt_loop
                            	    63: 
                            	    64: .do_help:
01:000011B2 41F813C4        	    65:     lea     HELP_TEXT,a0
01:000011B6 610000C2        	    66:     bsr     print_string_tb
01:000011BA 608E            	    67:     bra     .prompt_loop
                            	    68: 
                            	    69: .do_new:
01:000011BC 2038149C        	    70:     move.l  tx_start_ptr,d0
01:000011C0 21C014A0        	    71:     move.l  d0,tx_end_ptr      
01:000011C4 2040            	    72:     move.l  d0,a0
01:000011C6 10BC0000        	    73:     move.b  #0,(a0)            
01:000011CA 6000FF7E        	    74:     bra     .prompt_loop
                            	    75: 
                            	    76: .do_save:
01:000011CE 41F81378        	    77:     lea     SAVE_MSG,a0
01:000011D2 610000A6        	    78:     bsr     print_string_tb
01:000011D6 7000            	    79:     moveq   #0,d0              
01:000011D8 2078149C        	    80:     move.l  tx_start_ptr,a0    
01:000011DC 6100FE6A        	    81:     bsr     HDD_WRITE_SECTOR    
01:000011E0 4A00            	    82:     tst.b   d0                  
01:000011E2 6642            	    83:     bne     .disk_error
01:000011E4 41F813BE        	    84:     lea     OK_MSG,a0
01:000011E8 61000090        	    85:     bsr     print_string_tb
01:000011EC 6000FF5C        	    86:     bra     .prompt_loop
                            	    87: 
                            	    88: .do_load:
01:000011F0 41F8139D        	    89:     lea     LOAD_MSG,a0
01:000011F4 61000084        	    90:     bsr     print_string_tb
01:000011F8 7000            	    91:     moveq   #0,d0              
01:000011FA 2078149C        	    92:     move.l  tx_start_ptr,a0    
01:000011FE 6100FE2C        	    93:     bsr     HDD_READ_SECTOR     
01:00001202 4A00            	    94:     tst.b   d0                  
01:00001204 6620            	    95:     bne     .disk_error
                            	    96: 
01:00001206 2078149C        	    97:     move.l  tx_start_ptr,a0
01:0000120A 323C01FF        	    98:     move.w  #511,d1
                            	    99: .find_end:
01:0000120E 4A18            	   100:     tst.b   (a0)+
01:00001210 6704            	   101:     beq     .end_found
01:00001212 51C9FFFA        	   102:     dbra    d1,.find_end
                            	   103: .end_found:
01:00001216 5388            	   104:     subq.l  #1,a0
01:00001218 21C814A0        	   105:     move.l  a0,tx_end_ptr      
01:0000121C 41F813BE        	   106:     lea     OK_MSG,a0
01:00001220 6158            	   107:     bsr     print_string_tb
01:00001222 6000FF26        	   108:     bra     .prompt_loop
                            	   109: 
                            	   110: .disk_error:
01:00001226 41F81358        	   111:     lea     DISK_ERR_MSG,a0
01:0000122A 614E            	   112:     bsr     print_string_tb
01:0000122C 6000FF1C        	   113:     bra     .prompt_loop
                            	   114: 
                            	   115: .do_list:
01:00001230 2078149C        	   116:     move.l  tx_start_ptr,a0
01:00001234 227814A0        	   117:     move.l  tx_end_ptr,a1
01:00001238 B3C8            	   118:     cmp.l   a0,a1
01:0000123A 6712            	   119:     beq     .list_empty         
                            	   120: .list_loop:
01:0000123C B1C9            	   121:     cmp.l   a1,a0
01:0000123E 6C00FF0A        	   122:     bge     .prompt_loop
01:00001242 1018            	   123:     move.b  (a0)+,d0
01:00001244 6700FF04        	   124:     beq     .prompt_loop        
01:00001248 6100FE22        	   125:     bsr     OUTCH
01:0000124C 60EE            	   126:     bra     .list_loop
                            	   127: .list_empty:
01:0000124E 6000FEFA        	   128:     bra     .prompt_loop
                            	   129: 
                            	   130: .handle_line_number:
01:00001252 227814A0        	   131:     move.l  tx_end_ptr,a1
01:00001256 41F83000        	   132:     lea     INPUT_BUFFER,a0
                            	   133: .copy_line:
01:0000125A 1018            	   134:     move.b  (a0)+,d0
01:0000125C 12C0            	   135:     move.b  d0,(a1)+
01:0000125E B03C000D        	   136:     cmp.b   #13,d0
01:00001262 66F6            	   137:     bne     .copy_line
                            	   138:     
01:00001264 5389            	   139:     subq.l  #1,a1
01:00001266 12FC000D        	   140:     move.b  #13,(a1)+
01:0000126A 12FC000A        	   141:     move.b  #10,(a1)+
01:0000126E 12BC0000        	   142:     move.b  #0,(a1)            
01:00001272 21C914A0        	   143:     move.l  a1,tx_end_ptr      
01:00001276 6000FED2        	   144:     bra     .prompt_loop
                            	   145: 
                            	   146: print_string_tb:
01:0000127A 1018            	   147:     move.b  (a0)+,d0
01:0000127C 6706            	   148:     beq     .msg_done
01:0000127E 6100FDEC        	   149:     bsr     OUTCH
01:00001282 60F6            	   150:     bra     print_string_tb
                            	   151: .msg_done:
01:00001284 4E75            	   152:     rts
                            	   153: 
                            	   154: get_line_tb:
01:00001286 2448            	   155:     move.l  a0,a2              
                            	   156: .get_char:
01:00001288 6100FDFA        	   157:     bsr     INCH
01:0000128C B03C0008        	   158:     cmp.b   #8,d0              
01:00001290 670E            	   159:     beq     .backspace
01:00001292 B03C000D        	   160:     cmp.b   #13,d0             
01:00001296 6718            	   161:     beq     .line_end
01:00001298 14C0            	   162:     move.b  d0,(a2)+
01:0000129A 6100FDD0        	   163:     bsr     OUTCH               
01:0000129E 60E8            	   164:     bra     .get_char
                            	   165: .backspace:
01:000012A0 B5C8            	   166:     cmp.l   a0,a2              
01:000012A2 67E4            	   167:     beq     .get_char
01:000012A4 538A            	   168:     subq.l  #1,a2
01:000012A6 103C0008        	   169:     move.b  #8,d0
01:000012AA 6100FDC0        	   170:     bsr     OUTCH               
01:000012AE 60D8            	   171:     bra     .get_char
                            	   172: .line_end:
01:000012B0 14FC000D        	   173:     move.b  #13,(a2)+          
01:000012B4 14FC000A        	   174:     move.b  #10,(a2)+          
01:000012B8 14BC0000        	   175:     move.b  #0,(a2)            
01:000012BC 103C000D        	   176:     move.b  #13,d0
01:000012C0 6100FDAA        	   177:     bsr     OUTCH
01:000012C4 103C000A        	   178:     move.b  #10,d0
01:000012C8 6100FDA2        	   179:     bsr     OUTCH               
01:000012CC 4E75            	   180:     rts
                            	   181: 
                            	   182: skip_spaces:
01:000012CE 0C100020        	   183:     cmp.b   #' ',(a0)
01:000012D2 6604            	   184:     bne     .skip_done
01:000012D4 5288            	   185:     addq.l  #1,a0
01:000012D6 60F6            	   186:     bra     skip_spaces
                            	   187: .skip_done:
01:000012D8 4E75            	   188:     rts
                            	   189: 
                            	   190: compare_string:
01:000012DA 2448            	   191:     move.l  a0,a2
                            	   192: .comp_loop:
01:000012DC 1219            	   193:     move.b  (a1)+,d1
01:000012DE 670A            	   194:     beq     .comp_match         
01:000012E0 141A            	   195:     move.b  (a2)+,d2
01:000012E2 B401            	   196:     cmp.b   d1,d2
01:000012E4 67F6            	   197:     beq     .comp_loop
01:000012E6 7001            	   198:     moveq   #1,d0
01:000012E8 4E75            	   199:     rts
                            	   200: .comp_match:
01:000012EA 7000            	   201:     moveq   #0,d0              
01:000012EC 4E75            	   202:     rts
                            	   203: 
01:000012EE 0D              	   204: INIT_MSG:   dc.b    13,10,"68000 TINY BASIC v1.1 (Lohkolevyllinen)",13,10
01:000012EF 0A
01:000012F0 3638303030205449
01:000012F8 4E59204241534943
01:00001300 2076312E3120284C
01:00001308 6F686B6F6C657679
01:00001310 6C6C696E656E29
01:00001317 0D
01:00001318 0A
01:00001319 4B69726A6F697461	   205:             dc.b    "Kirjoita HELP listataksesi komennot.",13,10,0
01:00001321 2048454C50206C69
01:00001329 73746174616B7365
01:00001331 7369206B6F6D656E
01:00001339 6E6F742E
01:0000133D 0D
01:0000133E 0A
01:0000133F 00
01:00001340 5265616479      	   206: READY_MSG:  dc.b    "Ready",13,10,0
01:00001345 0D
01:00001346 0A
01:00001347 00
01:00001348 53796E7461782045	   207: SYNTAX_ERR: dc.b    "Syntax Error!",13,10,0
01:00001350 72726F7221
01:00001355 0D
01:00001356 0A
01:00001357 00
01:00001358 4B69696E746F6C65	   208: DISK_ERR_MSG: dc.b  "Kiintolevyvirhe sektorilla 0!",13,10,0
01:00001360 7679766972686520
01:00001368 73656B746F72696C
01:00001370 6C61203021
01:00001375 0D
01:00001376 0A
01:00001377 00
01:00001378 54616C6C656E6E65	   209: SAVE_MSG:   dc.b    "Tallennetaan ohjelmaa lohkolle 0... ",0
01:00001380 7461616E206F686A
01:00001388 656C6D6161206C6F
01:00001390 686B6F6C6C652030
01:00001398 2E2E2E20
01:0000139C 00
01:0000139D 4C6164617461616E	   210: LOAD_MSG:   dc.b    "Ladataan ohjelmaa lohkolta 0... ",0
01:000013A5 206F686A656C6D61
01:000013AD 61206C6F686B6F6C
01:000013B5 746120302E2E2E20
01:000013BD 00
01:000013BE 4F4B2E          	   211: OK_MSG:     dc.b    "OK.",13,10,0
01:000013C1 0D
01:000013C2 0A
01:000013C3 00
                            	   212: 
01:000013C4 0D              	   213: HELP_TEXT:  dc.b    13,10,"Tuetut komennot:",13,10
01:000013C5 0A
01:000013C6 547565747574206B
01:000013CE 6F6D656E6E6F743A
01:000013D6 0D
01:000013D7 0A
01:000013D8 202048454C50202D	   214:             dc.b    "  HELP - Nayttaa taman listan",13,10
01:000013E0 204E617974746161
01:000013E8 2074616D616E206C
01:000013F0 697374616E
01:000013F5 0D
01:000013F6 0A
01:000013F7 20204C495354202D	   215:             dc.b    "  LIST - Tulostaa BASIC-ohjelman",13,10
01:000013FF 2054756C6F737461
01:00001407 612042415349432D
01:0000140F 6F686A656C6D616E
01:00001417 0D
01:00001418 0A
01:00001419 20204E455720202D	   216:             dc.b    "  NEW  - Tyhjentaa muistin",13,10
01:00001421 205479686A656E74
01:00001429 6161206D75697374
01:00001431 696E
01:00001433 0D
01:00001434 0A
01:00001435 202053415645202D	   217:             dc.b    "  SAVE - Tallentaa ohjelman lohkolle 0",13,10
01:0000143D 2054616C6C656E74
01:00001445 6161206F686A656C
01:0000144D 6D616E206C6F686B
01:00001455 6F6C6C652030
01:0000145B 0D
01:0000145C 0A
01:0000145D 20204C4F4144202D	   218:             dc.b    "  LOAD - Lataa ohjelman lohkolta 0",13,10,0
01:00001465 204C61746161206F
01:0000146D 686A656C6D616E20
01:00001475 6C6F686B6F6C7461
01:0000147D 2030
01:0000147F 0D
01:00001480 0A
01:00001481 00
                            	   219: 
01:00001482 48454C50        	   220: CMD_HELP:   dc.b    "HELP",0
01:00001486 00
01:00001487 4C495354        	   221: CMD_LIST:   dc.b    "LIST",0
01:0000148B 00
01:0000148C 53415645        	   222: CMD_SAVE:   dc.b    "SAVE",0
01:00001490 00
01:00001491 4C4F4144        	   223: CMD_LOAD:   dc.b    "LOAD",0
01:00001495 00
01:00001496 4E4557          	   224: CMD_NEW:    dc.b    "NEW",0
01:00001499 00
                            	   225: 
                            	   226:             align   2
01:0000149C 00000000        	   227: tx_start_ptr: dc.l  0
01:000014A0 00000000        	   228: tx_end_ptr:   dc.l  0
                            	   229: 
                            	   230: INPUT_BUFFER: equ   $00003000   
                            	   231: TXT_START:    equ   $00004000   
                            	   232: 

Source: "asm/rom_monitor.asm"
                            	   123: 


Symbols by name:
CMD_HELP                         A:00001482
CMD_LIST                         A:00001487
CMD_LOAD                         A:00001491
CMD_NEW                          A:00001496
CMD_SAVE                         A:0000148C
DISK_ERR_MSG                     A:00001358
GET_TICKS                        A:00001064 EXP
HDD_COMMAND                      E:00F00100
HDD_DMA_ADDR                     E:00F00108
HDD_ERR_MSG                      A:000010FA
HDD_READ_SECTOR                  A:0000102C
HDD_SECTOR                       E:00F00102
HDD_STATUS                       E:00F00101
HDD_WRITE_SECTOR                 A:00001048
HELP_TEXT                        A:000013C4
INCH                             A:00001084
INIT_MSG                         A:000012EE
INPUT_BUFFER                     E:00003000
IO_DATA                          E:00F00004
IO_STATUS                        E:00F00000
IO_TIMER                         E:00F00200
LOAD_MSG                         A:0000139D
OK_MSG                           A:000013BE
OUTCH                            A:0000106C
READY_MSG                        A:00001340
SAVE_MSG                         A:00001378
START_BASIC                      A:0000112C
SYNTAX_ERR                       A:00001348
TSTAT                            A:00001098
TXT_START                        E:00004000
WELCOME_MSG                      A:000010B0
compare_string                   A:000012DA
get_line_tb                      A:00001286
print_string                     A:00001022
print_string_tb                  A:0000127A
skip_spaces                      A:000012CE
start                            A:00001000
tx_end_ptr                       A:000014A0
tx_start_ptr                     A:0000149C

Symbols by value:
00001000 start
00001022 print_string
0000102C HDD_READ_SECTOR
00001048 HDD_WRITE_SECTOR
00001064 GET_TICKS
0000106C OUTCH
00001084 INCH
00001098 TSTAT
000010B0 WELCOME_MSG
000010FA HDD_ERR_MSG
0000112C START_BASIC
0000127A print_string_tb
00001286 get_line_tb
000012CE skip_spaces
000012DA compare_string
000012EE INIT_MSG
00001340 READY_MSG
00001348 SYNTAX_ERR
00001358 DISK_ERR_MSG
00001378 SAVE_MSG
0000139D LOAD_MSG
000013BE OK_MSG
000013C4 HELP_TEXT
00001482 CMD_HELP
00001487 CMD_LIST
0000148C CMD_SAVE
00001491 CMD_LOAD
00001496 CMD_NEW
0000149C tx_start_ptr
000014A0 tx_end_ptr
00003000 INPUT_BUFFER
00004000 TXT_START
00F00000 IO_STATUS
00F00004 IO_DATA
00F00100 HDD_COMMAND
00F00101 HDD_STATUS
00F00102 HDD_SECTOR
00F00108 HDD_DMA_ADDR
00F00200 IO_TIMER
